17:33:43 **** Incremental Build of configuration Debug for project SPARC ****
make all 
make --no-print-directory pre-build
a9-linaro-pre-build-step
' '
make --no-print-directory main-build
'Building file: ../src/USBtest.c'
'Invoking: ARM v7 gcc compiler'
arm-none-eabi-gcc -Wall -O0 -g3 -c -fmessage-length=0 -MT"src/USBtest.o" -mcpu=cortex-a9 -mfpu=vfpv3 -mfloat-abi=hard -IC:/Users/Moose/Documents/School/ECE492/Platform/system_wrapper/export/system_wrapper/sw/system_wrapper/freertos10_xilinx_ps7_cortexa9_0/bspinclude/include -MMD -MP -MF"src/USBtest.d" -MT"src/USBtest.o" -o "src/USBtest.o" "../src/USBtest.c"
'Finished building: ../src/USBtest.c'
' '
'Building file: ../src/freertos_hello_world.c'
'Invoking: ARM v7 gcc compiler'
arm-none-eabi-gcc -Wall -O0 -g3 -c -fmessage-length=0 -MT"src/freertos_hello_world.o" -mcpu=cortex-a9 -mfpu=vfpv3 -mfloat-abi=hard -IC:/Users/Moose/Documents/School/ECE492/Platform/system_wrapper/export/system_wrapper/sw/system_wrapper/freertos10_xilinx_ps7_cortexa9_0/bspinclude/include -MMD -MP -MF"src/freertos_hello_world.d" -MT"src/freertos_hello_world.o" -o "src/freertos_hello_world.o" "../src/freertos_hello_world.c"
../src/freertos_hello_world.c:191:13: warning: 'vTimerCallback' defined but not used [-Wunused-function]
  191 | static void vTimerCallback( TimerHandle_t pxTimer )
      |             ^~~~~~~~~~~~~~
../src/freertos_hello_world.c:173:13: warning: 'prvRxTask' defined but not used [-Wunused-function]
  173 | static void prvRxTask( void *pvParameters )
      |             ^~~~~~~~~
../src/freertos_hello_world.c:155:13: warning: 'prvTxTask' defined but not used [-Wunused-function]
  155 | static void prvTxTask( void *pvParameters )
      |             ^~~~~~~~~
../src/freertos_hello_world.c:40:22: warning: 'xTimer' defined but not used [-Wunused-variable]
   40 | static TimerHandle_t xTimer = NULL;
      |                      ^~~~~~
'Finished building: ../src/freertos_hello_world.c'
' '
'Building target: SPARC.elf'
'Invoking: ARM v7 gcc linker'
arm-none-eabi-gcc -mcpu=cortex-a9 -mfpu=vfpv3 -mfloat-abi=hard -Wl,-build-id=none -specs=Xilinx.spec -Wl,-T -Wl,../src/lscript.ld -LC:/Users/Moose/Documents/School/ECE492/Platform/system_wrapper/export/system_wrapper/sw/system_wrapper/freertos10_xilinx_ps7_cortexa9_0/bsplib/lib -o "SPARC.elf"  ./src/USBtest.o ./src/freertos_hello_world.o   -Wl,--start-group,-lxil,-lfreertos,-lgcc,-lc,--end-group -Wl,--start-group,-lxiltimer,-lxil,-lgcc,-lc,--end-group
'Finished building target: SPARC.elf'
' '
'Invoking: ARM v7 Print Size'
arm-none-eabi-size SPARC.elf  |tee "SPARC.elf.size"
   text	   data	    bss	    dec	    hex	filename
  86175	   3380	  88868	 178423	  2b8f7	SPARC.elf
'Finished building: SPARC.elf.size'
' '

17:33:45 Build Finished (took 1s.940ms)

